MPLINK 5.09, LINKER
Linker Map File - Created Thu Sep 12 16:01:05 2019

                                 Section Info
                  Section       Type    Address   Location Size(Bytes)
                ---------  ---------  ---------  ---------  ---------
               rst_vector       code   0x000000    program   0x000006
                   .cinit    romdata   0x000003    program   0x000004
                    .code       code   0x000005    program   0x0000e6
.config_2007_BUILD/DEFAULT/PRODUCTION/MAIN.O       code   0x002007    program   0x000002
.config_2008_BUILD/DEFAULT/PRODUCTION/MAIN.O       code   0x002008    program   0x000002
               .udata_shr      udata   0x000070       data   0x000003



                              Program Memory Usage 
                               Start         End      
                           ---------   ---------      
                            0x000000    0x000077      
                            0x002007    0x002008      
            122 out of 8455 program addresses used, program memory utilization is 1%



                              Symbols - Sorted by Name
                     Name    Address   Location    Storage File                     
                ---------  ---------  ---------  --------- ---------                
                 TXEUSART   0x00002e    program     static D:\Users\Massimo\Desktop\Matteo\Università\Triennale\Terzo Anno\Sistemi Elettronici\Progetto Sistemi Elettronici\Esame Sistemi Elettronici.X\main.asm
              _.code_0010   0x000015    program     static D:\Users\Massimo\Desktop\Matteo\Università\Triennale\Terzo Anno\Sistemi Elettronici\Progetto Sistemi Elettronici\Esame Sistemi Elettronici.X\main.asm
              _.code_0037   0x00003c    program     static D:\Users\Massimo\Desktop\Matteo\Università\Triennale\Terzo Anno\Sistemi Elettronici\Progetto Sistemi Elettronici\Esame Sistemi Elettronici.X\main.asm
                   initHw   0x000043    program     static D:\Users\Massimo\Desktop\Matteo\Università\Triennale\Terzo Anno\Sistemi Elettronici\Progetto Sistemi Elettronici\Esame Sistemi Elettronici.X\main.asm
                invioDati   0x000037    program     static D:\Users\Massimo\Desktop\Matteo\Università\Triennale\Terzo Anno\Sistemi Elettronici\Progetto Sistemi Elettronici\Esame Sistemi Elettronici.X\main.asm
                 mainLoop   0x00000e    program     static D:\Users\Massimo\Desktop\Matteo\Università\Triennale\Terzo Anno\Sistemi Elettronici\Progetto Sistemi Elettronici\Esame Sistemi Elettronici.X\main.asm
                    start   0x000005    program     static D:\Users\Massimo\Desktop\Matteo\Università\Triennale\Terzo Anno\Sistemi Elettronici\Progetto Sistemi Elettronici\Esame Sistemi Elettronici.X\main.asm
               numeroChar   0x000070       data     static D:\Users\Massimo\Desktop\Matteo\Università\Triennale\Terzo Anno\Sistemi Elettronici\Progetto Sistemi Elettronici\Esame Sistemi Elettronici.X\main.asm
            numeroMassimo   0x000071       data     static D:\Users\Massimo\Desktop\Matteo\Università\Triennale\Terzo Anno\Sistemi Elettronici\Progetto Sistemi Elettronici\Esame Sistemi Elettronici.X\main.asm
                   rxData   0x000072       data     static D:\Users\Massimo\Desktop\Matteo\Università\Triennale\Terzo Anno\Sistemi Elettronici\Progetto Sistemi Elettronici\Esame Sistemi Elettronici.X\main.asm



                              Symbols - Sorted by Address
                     Name    Address   Location    Storage File                     
                ---------  ---------  ---------  --------- ---------                
                    start   0x000005    program     static D:\Users\Massimo\Desktop\Matteo\Università\Triennale\Terzo Anno\Sistemi Elettronici\Progetto Sistemi Elettronici\Esame Sistemi Elettronici.X\main.asm
                 mainLoop   0x00000e    program     static D:\Users\Massimo\Desktop\Matteo\Università\Triennale\Terzo Anno\Sistemi Elettronici\Progetto Sistemi Elettronici\Esame Sistemi Elettronici.X\main.asm
              _.code_0010   0x000015    program     static D:\Users\Massimo\Desktop\Matteo\Università\Triennale\Terzo Anno\Sistemi Elettronici\Progetto Sistemi Elettronici\Esame Sistemi Elettronici.X\main.asm
                 TXEUSART   0x00002e    program     static D:\Users\Massimo\Desktop\Matteo\Università\Triennale\Terzo Anno\Sistemi Elettronici\Progetto Sistemi Elettronici\Esame Sistemi Elettronici.X\main.asm
                invioDati   0x000037    program     static D:\Users\Massimo\Desktop\Matteo\Università\Triennale\Terzo Anno\Sistemi Elettronici\Progetto Sistemi Elettronici\Esame Sistemi Elettronici.X\main.asm
              _.code_0037   0x00003c    program     static D:\Users\Massimo\Desktop\Matteo\Università\Triennale\Terzo Anno\Sistemi Elettronici\Progetto Sistemi Elettronici\Esame Sistemi Elettronici.X\main.asm
                   initHw   0x000043    program     static D:\Users\Massimo\Desktop\Matteo\Università\Triennale\Terzo Anno\Sistemi Elettronici\Progetto Sistemi Elettronici\Esame Sistemi Elettronici.X\main.asm
               numeroChar   0x000070       data     static D:\Users\Massimo\Desktop\Matteo\Università\Triennale\Terzo Anno\Sistemi Elettronici\Progetto Sistemi Elettronici\Esame Sistemi Elettronici.X\main.asm
            numeroMassimo   0x000071       data     static D:\Users\Massimo\Desktop\Matteo\Università\Triennale\Terzo Anno\Sistemi Elettronici\Progetto Sistemi Elettronici\Esame Sistemi Elettronici.X\main.asm
                   rxData   0x000072       data     static D:\Users\Massimo\Desktop\Matteo\Università\Triennale\Terzo Anno\Sistemi Elettronici\Progetto Sistemi Elettronici\Esame Sistemi Elettronici.X\main.asm


